The new Iphone 5 is an unforgettable experience, CPU Apple A8, RAM 2GB.
The new Iphone 12 is an unforgettable experience, CPU Apple A16, RAM 8GB.
Enjoy fresh food with Arctic E-100, energy label A+.
